// Vitest Snapshot v1, https://vitest.dev/guide/snapshot.html

exports[`Board > renders correctly 1`] = `"<div class="flex gap-6 items-start"></div>"`;
